﻿[33mΓ¥»[39m Building...
node.exe : E:\Ameer PC Data\Fullsta
ckProject\QuickResponseWeb\node_mod
ules\tailwindcss\dist\lib.js:38
At C:\nvm4w\nodejs\npx.ps1:29 
char:3
+   & $NODE_EXE $NPX_CLI_JS $args
+   ~~~~~~~~~~~~~~~~~~~~~~~~~~~~~
    + CategoryInfo          : NotS 
   pecified: (E:\Ameer PC Dat...\  
  dist\lib.js:38:String) [], Rem   
 oteException
    + FullyQualifiedErrorId : Nati 
   veCommandError
 
${N}`)}}))u.get(b)?.(x);for(let b 
of m)b(x);if(d){let 
b=[];for(let[E,N]of x.theme.entries
()){if(N.options&2)continue;let L=l
(Ae(E),N.value);L.src=N.src,b.push(
L)}let 
D=x.theme.getKeyframes();for(let E 
of D)e.push(de({theme:!0},[W([E])])
);d.nodes=[de({theme:!0},b)]}if(a|=
ot(e,x),a|=Fe(e,x),a|=Te(e,x),p){le
t b=p;b.kind="context",b.context={}
}return I(e,b=>{if(b.kind==="at-rul
e")return b.name==="@utility"?R.Rep
lace([]):R.Skip}),{designSystem:x,a
st:e,sources:h,root:V,utilitiesNode
:p,features:a,inlineCandidates:w}}a
sync function gn(e,r={}){let{design
System:i,ast:t,sources:n,root:a,uti
litiesNode:o,features:f,inlineCandi
dates:u}=await 
mn(e,r);t.unshift(dt(`! 
tailwindcss v${hr} | MIT License | 
https://tailwindcss.com 
`));function c(h){i.invalidCandidat
es.add(h)}let m=new 
Set,d=null,p=0,k=!1;for(let h of u)
i.invalidCandidates.has(h)||(m.add(
h),k=!0);return{sources:n,root:a,fe
atures:f,build(h){if(f===0)return 
e;if(!o)return 
d??=Re(t,i,r.polyfills),d;let 
w=k,A=!1;k=!1;let V=m.size;for(let 
b of h)if(!i.invalidCandidates.has(
b))if(b[0]==="-"&&b[1]==="-"){let D
=i.theme.markUsedVariable(b);w||=D,
A||=D}else m.add(b),w||=m.size!==V;
if(!w)return 
d??=Re(t,i,r.polyfills),d;let x=Ee(
m,i,{onInvalidCandidate:c}).astNode
s;return r.from&&I(x,b=>{b.src??=o.
src}),!A&&p===x.length?(d??=Re(t,i,
r.polyfills),d):(p=x.length,o.nodes
=x,d=Re(t,i,r.polyfills),d)}}}async
 function ia(e,r={}){let 
i=Ve(e,{from:r.from}),t=await gn(i,
r),n=i,a=e;return{...t,build(o){let
 f=t.build(o);return f===n||(a=ne(f
,!!r.from),n=f),a},buildSourceMap()
{return fn({ast:n})}}}async 
function na(e,r={}){return(await mn
(Ve(e,{from:r.from}),r)).designSyst
em}function at(){throw new 
Error("It looks like you're trying 
to use `tailwindcss` directly as a 
PostCSS plugin. The PostCSS plugin 
has moved to a separate package, 
so to continue using Tailwind CSS 
with PostCSS you'll need to 
install `@tailwindcss/postcss` and 
update your PostCSS 
configuration.")}for(let e in Ut)e!
=="default"&&(at[e]=Ut[e]);module.e
xports=at;
                                   
                                   
                                   
                                   
                                   
                                   
                                   
                                   
                                   
                                   
                                   
                                   
                                   
                                   
                                   
                                   
                                   
                                   
                                   
                                   
                                   
                                   
                                   
                                   
                                   
                                   
                                   
                                   
                                   
     

Error: It looks like you're trying 
to use `tailwindcss` directly as a 
PostCSS plugin. The PostCSS plugin 
has moved to a separate package, 
so to continue using Tailwind CSS 
with PostCSS you'll need to 
install `@tailwindcss/postcss` and 
update your PostCSS configuration.
    at Object.at [as default] 
(E:\Ameer PC Data\FullstackProject\
QuickResponseWeb\node_modules\tailw
indcss\dist\lib.js:38:1643)
    at StylesheetPluginFactory.init
Postcss (E:\Ameer PC Data\Fullstack
Project\QuickResponseWeb\node_modul
es\@angular\build\src\tools\esbuild
\stylesheets\stylesheet-plugin-fact
ory.js:173:66)

Node.js v22.16.0
